Archive member included because of file (symbol)

.\CortexM0\ARM_GCC_493\Debug\Design01.a(cyfitter_cfg.o)
                              .\CortexM0\ARM_GCC_493\Debug\Cm0Start.o (cyfitter_cfg)
.\CortexM0\ARM_GCC_493\Debug\Design01.a(UART.o)
                              .\CortexM0\ARM_GCC_493\Debug\main.o (UART_Start)
.\CortexM0\ARM_GCC_493\Debug\Design01.a(UART_UART.o)
                              .\CortexM0\ARM_GCC_493\Debug\Design01.a(UART.o) (UART_UartInit)
.\CortexM0\ARM_GCC_493\Debug\Design01.a(ADC_SAR_Seq.o)
                              .\CortexM0\ARM_GCC_493\Debug\main.o (ADC_SAR_Seq_Start)
.\CortexM0\ARM_GCC_493\Debug\Design01.a(ADC_SAR_Seq_INT.o)
                              .\CortexM0\ARM_GCC_493\Debug\Design01.a(ADC_SAR_Seq.o) (ADC_SAR_Seq_ISR)
.\CortexM0\ARM_GCC_493\Debug\Design01.a(CyLib.o)
                              .\CortexM0\ARM_GCC_493\Debug\Design01.a(cyfitter_cfg.o) (CyIntEnable)
.\CortexM0\ARM_GCC_493\Debug\Design01.a(CyLFClk.o)
                              .\CortexM0\ARM_GCC_493\Debug\Design01.a(cyfitter_cfg.o) (CySysWdtIsr)
.\CortexM0\ARM_GCC_493\Debug\Design01.a(LCD_Char_1_BarGraph.o)
                              .\CortexM0\ARM_GCC_493\Debug\main.o (LCD_Char_1_LoadCustomFonts)
.\CortexM0\ARM_GCC_493\Debug\Design01.a(LCD_Char_1.o)
                              .\CortexM0\ARM_GCC_493\Debug\Design01.a(LCD_Char_1_BarGraph.o) (LCD_Char_1_IsReady)
.\CortexM0\ARM_GCC_493\Debug\Design01.a(PWM.o)
                              .\CortexM0\ARM_GCC_493\Debug\main.o (PWM_WriteCompare)
.\CortexM0\ARM_GCC_493\Debug\Design01.a(PWM_1.o)
                              .\CortexM0\ARM_GCC_493\Debug\main.o (PWM_1_WriteCompare)
.\CortexM0\ARM_GCC_493\Debug\Design01.a(UART_SPI_UART.o)
                              .\CortexM0\ARM_GCC_493\Debug\Design01.a(UART_UART.o) (UART_SpiUartReadRxData)
.\CortexM0\ARM_GCC_493\Debug\Design01.a(CyBootAsmGnu.o)
                              .\CortexM0\ARM_GCC_493\Debug\Design01.a(CyLib.o) (CyDelayCycles)
d:/newprogram/psoc/psoc creator/3.3/psoc creator/import/gnu/arm/4.9.3/bin/../lib/gcc/arm-none-eabi/4.9.3/armv6-m\libgcc.a(_udivsi3.o)
                              .\CortexM0\ARM_GCC_493\Debug\Design01.a(CyLib.o) (__aeabi_uidiv)
d:/newprogram/psoc/psoc creator/3.3/psoc creator/import/gnu/arm/4.9.3/bin/../lib/gcc/arm-none-eabi/4.9.3/armv6-m\libgcc.a(_divsi3.o)
                              .\CortexM0\ARM_GCC_493\Debug\Design01.a(ADC_SAR_Seq.o) (__aeabi_idiv)
d:/newprogram/psoc/psoc creator/3.3/psoc creator/import/gnu/arm/4.9.3/bin/../lib/gcc/arm-none-eabi/4.9.3/armv6-m\libgcc.a(_dvmd_tls.o)
                              d:/newprogram/psoc/psoc creator/3.3/psoc creator/import/gnu/arm/4.9.3/bin/../lib/gcc/arm-none-eabi/4.9.3/armv6-m\libgcc.a(_udivsi3.o) (__aeabi_idiv0)
d:/newprogram/psoc/psoc creator/3.3/psoc creator/import/gnu/arm/4.9.3/bin/../lib/gcc/arm-none-eabi/4.9.3/armv6-m\libgcc.a(_aeabi_ldivmod.o)
                              .\CortexM0\ARM_GCC_493\Debug\Design01.a(ADC_SAR_Seq.o) (__aeabi_ldivmod)
d:/newprogram/psoc/psoc creator/3.3/psoc creator/import/gnu/arm/4.9.3/bin/../lib/gcc/arm-none-eabi/4.9.3/armv6-m\libgcc.a(_muldi3.o)
                              .\CortexM0\ARM_GCC_493\Debug\Design01.a(ADC_SAR_Seq.o) (__aeabi_lmul)
d:/newprogram/psoc/psoc creator/3.3/psoc creator/import/gnu/arm/4.9.3/bin/../lib/gcc/arm-none-eabi/4.9.3/armv6-m\libgcc.a(bpabi.o)
                              d:/newprogram/psoc/psoc creator/3.3/psoc creator/import/gnu/arm/4.9.3/bin/../lib/gcc/arm-none-eabi/4.9.3/armv6-m\libgcc.a(_aeabi_ldivmod.o) (__gnu_ldivmod_helper)
d:/newprogram/psoc/psoc creator/3.3/psoc creator/import/gnu/arm/4.9.3/bin/../lib/gcc/arm-none-eabi/4.9.3/armv6-m\libgcc.a(divsf3.o)
                              .\CortexM0\ARM_GCC_493\Debug\Design01.a(ADC_SAR_Seq.o) (__aeabi_fdiv)
d:/newprogram/psoc/psoc creator/3.3/psoc creator/import/gnu/arm/4.9.3/bin/../lib/gcc/arm-none-eabi/4.9.3/armv6-m\libgcc.a(mulsf3.o)
                              .\CortexM0\ARM_GCC_493\Debug\Design01.a(ADC_SAR_Seq.o) (__aeabi_fmul)
d:/newprogram/psoc/psoc creator/3.3/psoc creator/import/gnu/arm/4.9.3/bin/../lib/gcc/arm-none-eabi/4.9.3/armv6-m\libgcc.a(floatsisf.o)
                              .\CortexM0\ARM_GCC_493\Debug\Design01.a(ADC_SAR_Seq.o) (__aeabi_i2f)
d:/newprogram/psoc/psoc creator/3.3/psoc creator/import/gnu/arm/4.9.3/bin/../lib/gcc/arm-none-eabi/4.9.3/armv6-m\libgcc.a(_clzsi2.o)
                              d:/newprogram/psoc/psoc creator/3.3/psoc creator/import/gnu/arm/4.9.3/bin/../lib/gcc/arm-none-eabi/4.9.3/armv6-m\libgcc.a(divsf3.o) (__clzsi2)
d:/newprogram/psoc/psoc creator/3.3/psoc creator/import/gnu/arm/4.9.3/bin/../lib/gcc/arm-none-eabi/4.9.3/armv6-m\libgcc.a(_divdi3.o)
                              d:/newprogram/psoc/psoc creator/3.3/psoc creator/import/gnu/arm/4.9.3/bin/../lib/gcc/arm-none-eabi/4.9.3/armv6-m\libgcc.a(bpabi.o) (__divdi3)
d:/newprogram/psoc/psoc creator/3.3/psoc creator/import/gnu/arm/4.9.3/bin/../lib/gcc/arm-none-eabi/4.9.3/armv6-m\libgcc.a(_udivdi3.o)
[...]
Memory Configuration

Name             Origin             Length             Attributes
rom              0x00000000         0x00008000         xr
ram              0x20000000         0x00001000         xrw
*default*        0x00000000         0xffffffff

Linker script and memory map

LOAD d:/newprogram/psoc/psoc creator/3.3/psoc creator/import/gnu/arm/4.9.3/bin/../lib/gcc/arm-none-eabi/4.9.3/armv6-m/crti.o
LOAD d:/newprogram/psoc/psoc creator/3.3/psoc creator/import/gnu/arm/4.9.3/bin/../lib/gcc/arm-none-eabi/4.9.3/armv6-m/crtbegin.o
LOAD d:/newprogram/psoc/psoc creator/3.3/psoc creator/import/gnu/arm/4.9.3/bin/../lib/gcc/arm-none-eabi/4.9.3/../../../../arm-none-eabi/lib/armv6-m/crt0.o
START GROUP
LOAD .\CortexM0\ARM_GCC_493\Debug\main.o
LOAD .\CortexM0\ARM_GCC_493\Debug\cymetadata.o
LOAD .\CortexM0\ARM_GCC_493\Debug\Cm0Start.o
LOAD .\CortexM0\ARM_GCC_493\Debug\Design01.a
LOAD D:\NewProgram\PSOC\PSoC Creator\3.3\PSoC Creator\psoc\content\cycomponentlibrary\CyComponentLibrary.cylib\CortexM0\ARM_GCC_493\Debug\CyComponentLibrary.a
END GROUP
START GROUP
LOAD d:/newprogram/psoc/psoc creator/3.3/psoc creator/import/gnu/arm/4.9.3/bin/../lib/gcc/arm-none-eabi/4.9.3/armv6-m\libgcc.a
LOAD d:/newprogram/psoc/psoc creator/3.3/psoc creator/import/gnu/arm/4.9.3/bin/../lib/gcc/arm-none-eabi/4.9.3/../../../../arm-none-eabi/lib/armv6-m\libg_nano.a
LOAD d:/newprogram/psoc/psoc creator/3.3/psoc creator/import/gnu/arm/4.9.3/bin/../lib/gcc/arm-none-eabi/4.9.3/../../../../arm-none-eabi/lib/armv6-m\libc_nano.a
END GROUP
START GROUP
LOAD d:/newprogram/psoc/psoc creator/3.3/psoc creator/import/gnu/arm/4.9.3/bin/../lib/gcc/arm-none-eabi/4.9.3/armv6-m\libgcc.a
LOAD d:/newprogram/psoc/psoc creator/3.3/psoc creator/import/gnu/arm/4.9.3/bin/../lib/gcc/arm-none-eabi/4.9.3/../../../../arm-none-eabi/lib/armv6-m\libc_nano.a
END GROUP
LOAD d:/newprogram/psoc/psoc creator/3.3/psoc creator/import/gnu/arm/4.9.3/bin/../lib/gcc/arm-none-eabi/4.9.3/armv6-m/crtend.o
LOAD d:/newprogram/psoc/psoc creator/3.3/psoc creator/import/gnu/arm/4.9.3/bin/../lib/gcc/arm-none-eabi/4.9.3/armv6-m/crtn.o
START GROUP
LOAD d:/newprogram/psoc/psoc creator/3.3/psoc creator/import/gnu/arm/4.9.3/bin/../lib/gcc/arm-none-eabi/4.9.3/armv6-m\libgcc.a
LOAD d:/newprogram/psoc/psoc creator/3.3/psoc creator/import/gnu/arm/4.9.3/bin/../lib/gcc/arm-none-eabi/4.9.3/../../../../arm-none-eabi/lib/armv6-m\libc.a
LOAD d:/newprogram/psoc/psoc creator/3.3/psoc creator/import/gnu/arm/4.9.3/bin/../lib/gcc/arm-none-eabi/4.9.3/../../../../arm-none-eabi/lib/armv6-m\libnosys.a
END GROUP
                0x00000000                CY_APPL_ORIGIN = 0x0
                0x00000080                CY_FLASH_ROW_SIZE = 0x80
                0x00000001                CY_APPL_NUM = 0x1
                0x00000001                CY_APPL_MAX = 0x1
                0x00000040                CY_METADATA_SIZE = 0x40
                0x00000000                CY_APPL_LOADABLE = 0x0
                0x00000000                CY_CHECKSUM_EXCLUDE_SIZE = ALIGN (0x0, CY_FLASH_ROW_SIZE)
                0x00000000                CY_APP_FOR_STACK_AND_COPIER = 0x0
                0x20000200                PROVIDE (__cy_heap_start, _end)
                0x00000001                PROVIDE (__cy_region_num, ((__cy_regions_end - __cy_regions) / 0x10))
                0x20001000                PROVIDE (__cy_stack, (ORIGIN (ram) + 0x1000))
                0x20000c00                PROVIDE (__cy_heap_end, (__cy_stack - 0x400))

.cybootloader   0x00000000        0x0
 *(.cybootloader)
                0x00000000                appl1_start = CY_APPL_ORIGIN?CY_APPL_ORIGIN:ALIGN (CY_FLASH_ROW_SIZE)
                0x00003f80                appl2_start = (appl1_start + ALIGN ((((0x8000 - appl1_start) - (0x2 * CY_FLASH_ROW_SIZE)) / 0x2), CY_FLASH_ROW_SIZE))
                0x00000000                appl_start = (CY_APPL_NUM == 0x1)?appl1_start:appl2_start
                0x00000001                cy_project_type_bootloader = (appl_start == 0x0)?0x1:0x0
                0x00000000                cy_project_type_app_for_stack_and_copier = (CY_APP_FOR_STACK_AND_COPIER == 0x1)?0x1:0x0

.text           0x00000000     0x1bee
 CREATE_OBJECT_SYMBOLS
                0x00000000                PROVIDE (__cy_interrupt_vector, RomVectors)
 *(.romvectors)
 .romvectors    0x00000000       0x10 .\CortexM0\ARM_GCC_493\Debug\Cm0Start.o
                0x00000000                RomVectors
                0x00000001                ASSERT ((. != __cy_interrupt_vector), No interrupt vector)
                0x00000001                ASSERT (CY_APPL_ORIGIN?(SIZEOF (.cybootloader) <= CY_APPL_ORIGIN):0x1, Wrong image location)
                0x00000010                PROVIDE (__cy_reset, Reset)
 *(.text.Reset)
 .text.Reset    0x00000010        0x8 .\CortexM0\ARM_GCC_493\Debug\Cm0Start.o
                0x00000010                Reset
                0x00000001                ASSERT ((. != __cy_reset), No reset code)
 *(.psocinit)
 .psocinit      0x00000018      0x1d4 .\CortexM0\ARM_GCC_493\Debug\Design01.a(cyfitter_cfg.o)
                0x000000c4                cyfitter_cfg
                0x000001ec                . = MAX (., 0x100)
 *(.text .text.* .gnu.linkonce.t.*)
 .text          0x000001ec       0x60 d:/newprogram/psoc/psoc creator/3.3/psoc creator/import/gnu/arm/4.9.3/bin/../lib/gcc/arm-none-eabi/4.9.3/armv6-m/crtbegin.o
 .text.LCD_Display
                0x0000024c       0x30 .\CortexM0\ARM_GCC_493\Debug\main.o
                0x0000024c                LCD_Display
 .text.main     0x0000027c      0x13c .\CortexM0\ARM_GCC_493\Debug\main.o
                0x0000027c                main
 .text.IntDefaultHandler
                0x000003b8        0x4 .\CortexM0\ARM_GCC_493\Debug\Cm0Start.o
                0x000003b8                IntDefaultHandler
 .text._sbrk    0x000003bc       0x30 .\CortexM0\ARM_GCC_493\Debug\Cm0Start.o
                0x000003bc                _sbrk
 .text.Start_c  0x000003ec       0x48 .\CortexM0\ARM_GCC_493\Debug\Cm0Start.o
                0x000003ec                Start_c
 .text.initialize_psoc
                0x00000434       0x48 .\CortexM0\ARM_GCC_493\Debug\Cm0Start.o
                0x00000434                initialize_psoc
 .text.cfg_write_bytes32
                0x0000047c       0x34 .\CortexM0\ARM_GCC_493\Debug\Design01.a(cyfitter_cfg.o)
 .text.CYMEMZERO
                0x000004b0        0xc .\CortexM0\ARM_GCC_493\Debug\Design01.a(cyfitter_cfg.o)
 .text.SetAnalogRoutingPumps
                0x000004bc       0x20 .\CortexM0\ARM_GCC_493\Debug\Design01.a(cyfitter_cfg.o)
                0x000004bc                SetAnalogRoutingPumps
 .text.AnalogSetDefault
                0x000004dc       0x20 .\CortexM0\ARM_GCC_493\Debug\Design01.a(cyfitter_cfg.o)
 .text.UART_ScbModePostEnable
                0x000004fc        0x8 .\CortexM0\ARM_GCC_493\Debug\Design01.a(UART.o)
 .text.UART_Init
                0x00000504        0x8 .\CortexM0\ARM_GCC_493\Debug\Design01.a(UART.o)
                0x00000504                UART_Init
 .text.UART_Enable
                0x0000050c       0x18 .\CortexM0\ARM_GCC_493\Debug\Design01.a(UART.o)
                0x0000050c                UART_Enable
 .text.UART_Start
                0x00000524       0x20 .\CortexM0\ARM_GCC_493\Debug\Design01.a(UART.o)
                0x00000524                UART_Start
 .text.UART_UartInit
                0x00000544       0x90 .\CortexM0\ARM_GCC_493\Debug\Design01.a(UART_UART.o)
                0x00000544                UART_UartInit
 .text.UART_UartPostEnable
                0x000005d4       0x1c .\CortexM0\ARM_GCC_493\Debug\Design01.a(UART_UART.o)
                0x000005d4                UART_UartPostEnable
 .text.UART_UartPutString
                0x000005f0       0x18 .\CortexM0\ARM_GCC_493\Debug\Design01.a(UART_UART.o)
                0x000005f0                UART_UartPutString
 .text.ADC_SAR_Seq_Init
                0x00000608      0x190 .\CortexM0\ARM_GCC_493\Debug\Design01.a(ADC_SAR_Seq.o)
                0x00000608                ADC_SAR_Seq_Init
 .text.ADC_SAR_Seq_Enable
                0x00000798       0x24 .\CortexM0\ARM_GCC_493\Debug\Design01.a(ADC_SAR_Seq.o)
                0x00000798                ADC_SAR_Seq_Enable
 .text.ADC_SAR_Seq_Start
                0x000007bc       0x20 .\CortexM0\ARM_GCC_493\Debug\Design01.a(ADC_SAR_Seq.o)
                0x000007bc                ADC_SAR_Seq_Start
 .text.ADC_SAR_Seq_StartConvert
                0x000007dc       0x14 .\CortexM0\ARM_GCC_493\Debug\Design01.a(ADC_SAR_Seq.o)
                0x000007dc                ADC_SAR_Seq_StartConvert
 .text.ADC_SAR_Seq_IsEndConversion
                0x000007f0       0x28 .\CortexM0\ARM_GCC_493\Debug\Design01.a(ADC_SAR_Seq.o)
                0x000007f0                ADC_SAR_Seq_IsEndConversion
 .text.ADC_SAR_Seq_GetResult16
                0x00000818       0x2c .\CortexM0\ARM_GCC_493\Debug\Design01.a(ADC_SAR_Seq.o)
                0x00000818                ADC_SAR_Seq_GetResult16
 .text.ADC_SAR_Seq_ISR
                0x00000844        0xc .\CortexM0\ARM_GCC_493\Debug\Design01.a(ADC_SAR_Seq_INT.o)
                0x00000844                ADC_SAR_Seq_ISR
 .text.CyIntEnable
                0x00000850       0x14 .\CortexM0\ARM_GCC_493\Debug\Design01.a(CyLib.o)
                0x00000850                CyIntEnable
 .text.CyHalt   0x00000864        0x4 .\CortexM0\ARM_GCC_493\Debug\Design01.a(CyLib.o)
                0x00000864                CyHalt
 .text.CyIntSetVector
                0x00000868       0x24 .\CortexM0\ARM_GCC_493\Debug\Design01.a(CyLib.o)
                0x00000868                CyIntSetVector
 .text.CyIntSetPriority
                0x0000088c       0x4c .\CortexM0\ARM_GCC_493\Debug\Design01.a(CyLib.o)
                0x0000088c                CyIntSetPriority
 .text.CyDelay  0x000008d8       0x30 .\CortexM0\ARM_GCC_493\Debug\Design01.a(CyLib.o)
                0x000008d8                CyDelay
 .text.CyDelayUs
                0x00000908       0x14 .\CortexM0\ARM_GCC_493\Debug\Design01.a(CyLib.o)
                0x00000908                CyDelayUs
 .text.CySysClkWriteImoFreq
                0x0000091c      0x164 .\CortexM0\ARM_GCC_493\Debug\Design01.a(CyLib.o)
                0x0000091c                CySysClkWriteImoFreq
 .text.CySysWdtLocked
                0x00000a80       0x14 .\CortexM0\ARM_GCC_493\Debug\Design01.a(CyLFClk.o)
 .text.CySysWdtLock
                0x00000a94       0x1c .\CortexM0\ARM_GCC_493\Debug\Design01.a(CyLFClk.o)
                0x00000a94                CySysWdtLock
 .text.CySysWdtUnlock
                0x00000ab0       0x30 .\CortexM0\ARM_GCC_493\Debug\Design01.a(CyLFClk.o)
                0x00000ab0                CySysWdtUnlock
 .text.CySysWdtClearInterrupt
                0x00000ae0       0x4c .\CortexM0\ARM_GCC_493\Debug\Design01.a(CyLFClk.o)
                0x00000ae0                CySysWdtClearInterrupt
 .text.CySysWdtIsr
                0x00000b2c       0xa4 .\CortexM0\ARM_GCC_493\Debug\Design01.a(CyLFClk.o)
                0x00000b2c                CySysWdtIsr
 .text.LCD_Char_1_LoadCustomFonts
                0x00000bd0       0x2c .\CortexM0\ARM_GCC_493\Debug\Design01.a(LCD_Char_1_BarGraph.o)
                0x00000bd0                LCD_Char_1_LoadCustomFonts
 .text.LCD_Char_1_WrCntrlNib
                0x00000bfc       0x34 .\CortexM0\ARM_GCC_493\Debug\Design01.a(LCD_Char_1.o)
 .text.LCD_Char_1_WrDatNib
                0x00000c30       0x44 .\CortexM0\ARM_GCC_493\Debug\Design01.a(LCD_Char_1.o)
 .text.LCD_Char_1_IsReady
                0x00000c74       0xb4 .\CortexM0\ARM_GCC_493\Debug\Design01.a(LCD_Char_1.o)
                0x00000c74                LCD_Char_1_IsReady
 .text.LCD_Char_1_WriteData
                0x00000d28       0x18 .\CortexM0\ARM_GCC_493\Debug\Design01.a(LCD_Char_1.o)
                0x00000d28                LCD_Char_1_WriteData
 .text.LCD_Char_1_PrintString
                0x00000d40       0x1c .\CortexM0\ARM_GCC_493\Debug\Design01.a(LCD_Char_1.o)
                0x00000d40                LCD_Char_1_PrintString
 .text.LCD_Char_1_WriteControl
                0x00000d5c       0x18 .\CortexM0\ARM_GCC_493\Debug\Design01.a(LCD_Char_1.o)
                0x00000d5c                LCD_Char_1_WriteControl
 .text.LCD_Char_1_Init
                0x00000d74       0x74 .\CortexM0\ARM_GCC_493\Debug\Design01.a(LCD_Char_1.o)
                0x00000d74                LCD_Char_1_Init
 .text.LCD_Char_1_Enable
                0x00000de8       0x14 .\CortexM0\ARM_GCC_493\Debug\Design01.a(LCD_Char_1.o)
                0x00000de8                LCD_Char_1_Enable
 .text.LCD_Char_1_Start
                0x00000dfc       0x20 .\CortexM0\ARM_GCC_493\Debug\Design01.a(LCD_Char_1.o)
                0x00000dfc                LCD_Char_1_Start
 .text.LCD_Char_1_Position
                0x00000e1c       0x3c .\CortexM0\ARM_GCC_493\Debug\Design01.a(LCD_Char_1.o)
                0x00000e1c                LCD_Char_1_Position
 .text.PWM_WriteCounter
                0x00000e58       0x10 .\CortexM0\ARM_GCC_493\Debug\Design01.a(PWM.o)
                0x00000e58                PWM_WriteCounter
 .text.PWM_WritePeriod
                0x00000e68       0x10 .\CortexM0\ARM_GCC_493\Debug\Design01.a(PWM.o)
                0x00000e68                PWM_WritePeriod
 .text.PWM_WriteCompare
                0x00000e78       0x10 .\CortexM0\ARM_GCC_493\Debug\Design01.a(PWM.o)
                0x00000e78                PWM_WriteCompare
 .text.PWM_TriggerCommand
                0x00000e88       0x1c .\CortexM0\ARM_GCC_493\Debug\Design01.a(PWM.o)
                0x00000e88                PWM_TriggerCommand
 .text.PWM_Enable
                0x00000ea4       0x24 .\CortexM0\ARM_GCC_493\Debug\Design01.a(PWM.o)
                0x00000ea4                PWM_Enable
 .text.PWM_SetInterruptMode
                0x00000ec8        0xc .\CortexM0\ARM_GCC_493\Debug\Design01.a(PWM.o)
                0x00000ec8                PWM_SetInterruptMode
 .text.PWM_Init
                0x00000ed4       0x4c .\CortexM0\ARM_GCC_493\Debug\Design01.a(PWM.o)
                0x00000ed4                PWM_Init
 .text.PWM_Start
                0x00000f20       0x20 .\CortexM0\ARM_GCC_493\Debug\Design01.a(PWM.o)
                0x00000f20                PWM_Start
 .text.PWM_1_WriteCounter
                0x00000f40       0x10 .\CortexM0\ARM_GCC_493\Debug\Design01.a(PWM_1.o)
                0x00000f40                PWM_1_WriteCounter
 .text.PWM_1_WritePeriod
                0x00000f50       0x10 .\CortexM0\ARM_GCC_493\Debug\Design01.a(PWM_1.o)
                0x00000f50                PWM_1_WritePeriod
 .text.PWM_1_WriteCompare
                0x00000f60       0x10 .\CortexM0\ARM_GCC_493\Debug\Design01.a(PWM_1.o)
                0x00000f60                PWM_1_WriteCompare
 .text.PWM_1_TriggerCommand
                0x00000f70       0x1c .\CortexM0\ARM_GCC_493\Debug\Design01.a(PWM_1.o)
                0x00000f70                PWM_1_TriggerCommand
 .text.PWM_1_Enable
                0x00000f8c       0x24 .\CortexM0\ARM_GCC_493\Debug\Design01.a(PWM_1.o)
                0x00000f8c                PWM_1_Enable
 .text.PWM_1_SetInterruptMode
                0x00000fb0        0xc .\CortexM0\ARM_GCC_493\Debug\Design01.a(PWM_1.o)
                0x00000fb0                PWM_1_SetInterruptMode
 .text.PWM_1_Init
                0x00000fbc       0x4c .\CortexM0\ARM_GCC_493\Debug\Design01.a(PWM_1.o)
                0x00000fbc                PWM_1_Init
 .text.PWM_1_Start
                0x00001008       0x20 .\CortexM0\ARM_GCC_493\Debug\Design01.a(PWM_1.o)
                0x00001008                PWM_1_Start
 .text.UART_SpiUartWriteTxData
                0x00001028       0x1c .\CortexM0\ARM_GCC_493\Debug\Design01.a(UART_SPI_UART.o)
                0x00001028                UART_SpiUartWriteTxData
 *fill*         0x00001044        0x4 
 .text          0x00001048       0x28 .\CortexM0\ARM_GCC_493\Debug\Design01.a(CyBootAsmGnu.o)
                0x00001048                CyDelayCycles
                0x0000105c                CyEnterCriticalSection
                0x00001064                CyExitCriticalSection
 .text          0x00001070      0x120 d:/newprogram/psoc/psoc creator/3.3/psoc creator/import/gnu/arm/4.9.3/bin/../lib/gcc/arm-none-eabi/4.9.3/armv6-m\libgcc.a(_udivsi3.o)
                0x00001070                __aeabi_uidiv
                0x00001070                __udivsi3
                0x0000117c                __aeabi_uidivmod
 .text          0x00001190      0x1e0 d:/newprogram/psoc/psoc creator/3.3/psoc creator/import/gnu/arm/4.9.3/bin/../lib/gcc/arm-none-eabi/4.9.3/armv6-m\libgcc.a(_divsi3.o)
                0x00001190                __divsi3
                0x00001190                __aeabi_idiv
                0x0000135c                __aeabi_idivmod
 .text          0x00001370        0x4 d:/newprogram/psoc/psoc creator/3.3/psoc creator/import/gnu/arm/4.9.3/bin/../lib/gcc/arm-none-eabi/4.9.3/armv6-m\libgcc.a(_dvmd_tls.o)
                0x00001370                __aeabi_idiv0
                0x00001370                __aeabi_ldiv0
 .text.__errno  0x00001374        0xc d:/newprogram/psoc/psoc creator/3.3/psoc creator/import/gnu/arm/4.9.3/bin/../lib/gcc/arm-none-eabi/4.9.3/../../../../arm-none-eabi/lib/armv6-m\libg_nano.a(lib_a-errno.o)
                0x00001374                __errno
 .text.__libc_init_array
                0x00001380       0x4c d:/newprogram/psoc/psoc creator/3.3/psoc creator/import/gnu/arm/4.9.3/bin/../lib/gcc/arm-none-eabi/4.9.3/../../../../arm-none-eabi/lib/armv6-m\libg_nano.a(lib_a-init.o)
                0x00001380                __libc_init_array
 .text.memcpy   0x000013cc       0x12 d:/newprogram/psoc/psoc creator/3.3/psoc creator/import/gnu/arm/4.9.3/bin/../lib/gcc/arm-none-eabi/4.9.3/../../../../arm-none-eabi/lib/armv6-m\libg_nano.a(lib_a-memcpy.o)
                0x000013cc                memcpy
 .text.memset   0x000013de       0x10 d:/newprogram/psoc/psoc creator/3.3/psoc creator/import/gnu/arm/4.9.3/bin/../lib/gcc/arm-none-eabi/4.9.3/../../../../arm-none-eabi/lib/armv6-m\libg_nano.a(lib_a-memset.o)
                0x000013de                memset
 *fill*         0x000013ee        0x2 
 .text.sprintf  0x000013f0       0x44 d:/newprogram/psoc/psoc creator/3.3/psoc creator/import/gnu/arm/4.9.3/bin/../lib/gcc/arm-none-eabi/4.9.3/../../../../arm-none-eabi/lib/armv6-m\libg_nano.a(lib_a-sprintf.o)
                0x000013f0                siprintf
                0x000013f0                sprintf
 .text.__ssputs_r
                0x00001434       0xc0 d:/newprogram/psoc/psoc creator/3.3/psoc creator/import/gnu/arm/4.9.3/bin/../lib/gcc/arm-none-eabi/4.9.3/../../../../arm-none-eabi/lib/armv6-m\libg_nano.a(lib_a-nano-svfprintf.o)
                0x00001434                __ssputs_r
 .text._svfprintf_r
                0x000014f4      0x1ec d:/newprogram/psoc/psoc creator/3.3/psoc creator/import/gnu/arm/4.9.3/bin/../lib/gcc/arm-none-eabi/4.9.3/../../../../arm-none-eabi/lib/armv6-m\libg_nano.a(lib_a-nano-svfprintf.o)
                0x000014f4                _svfiprintf_r
                0x000014f4                _svfprintf_r
 .text._printf_common
                0x000016e0       0xdc d:/newprogram/psoc/psoc creator/3.3/psoc creator/import/gnu/arm/4.9.3/bin/../lib/gcc/arm-none-eabi/4.9.3/../../../../arm-none-eabi/lib/armv6-m\libg_nano.a(lib_a-nano-vfprintf_i.o)
                0x000016e0                _printf_common
 .text._printf_i
                0x000017bc      0x230 d:/newprogram/psoc/psoc creator/3.3/psoc creator/import/gnu/arm/4.9.3/bin/../lib/gcc/arm-none-eabi/4.9.3/../../../../arm-none-eabi/lib/armv6-m\libg_nano.a(lib_a-nano-vfprintf_i.o)
                0x000017bc                _printf_i
 .text.memchr   0x000019ec       0x16 d:/newprogram/psoc/psoc creator/3.3/psoc creator/import/gnu/arm/4.9.3/bin/../lib/gcc/arm-none-eabi/4.9.3/../../../../arm-none-eabi/lib/armv6-m\libg_nano.a(lib_a-memchr.o)
                0x000019ec                memchr
 .text.memmove  0x00001a02       0x28 d:/newprogram/psoc/psoc creator/3.3/psoc creator/import/gnu/arm/4.9.3/bin/../lib/gcc/arm-none-eabi/4.9.3/../../../../arm-none-eabi/lib/armv6-m\libg_nano.a(lib_a-memmove.o)
                0x00001a02                memmove
 *fill*         0x00001a2a        0x2 
 .text._free_r  0x00001a2c       0x8c d:/newprogram/psoc/psoc creator/3.3/psoc creator/import/gnu/arm/4.9.3/bin/../lib/gcc/arm-none-eabi/4.9.3/../../../../arm-none-eabi/lib/armv6-m\libg_nano.a(lib_a-nano-freer.o)
                0x00001a2c                _free_r
 .text._malloc_r
                0x00001ab8       0xb0 d:/newprogram/psoc/psoc creator/3.3/psoc creator/import/gnu/arm/4.9.3/bin/../lib/gcc/arm-none-eabi/4.9.3/../../../../arm-none-eabi/lib/armv6-m\libg_nano.a(lib_a-nano-mallocr.o)
                0x00001ab8                _malloc_r
 .text._realloc_r
                0x00001b68       0x4c d:/newprogram/psoc/psoc creator/3.3/psoc creator/import/gnu/arm/4.9.3/bin/../lib/gcc/arm-none-eabi/4.9.3/../../../../arm-none-eabi/lib/armv6-m\libg_nano.a(lib_a-nano-reallocr.o)
                0x00001b68                _realloc_r
 .text._sbrk_r  0x00001bb4       0x24 d:/newprogram/psoc/psoc creator/3.3/psoc creator/import/gnu/arm/4.9.3/bin/../lib/gcc/arm-none-eabi/4.9.3/../../../../arm-none-eabi/lib/armv6-m\libg_nano.a(lib_a-sbrkr.o)
                0x00001bb4                _sbrk_r
 .text._malloc_usable_size_r
                0x00001bd8       0x16 d:/newprogram/psoc/psoc creator/3.3/psoc creator/import/gnu/arm/4.9.3/bin/../lib/gcc/arm-none-eabi/4.9.3/../../../../arm-none-eabi/lib/armv6-m\libg_nano.a(lib_a-nano-msizer.o)
                0x00001bd8                _malloc_usable_size_r
 *(.plt)
 *(.gnu.warning)
 *(.glue_7t)
 .glue_7t       0x00000000        0x0 linker stubs
 *(.glue_7)
 .glue_7        0x00000000        0x0 linker stubs
 *(.vfp11_veneer)
 .vfp11_veneer  0x00000000        0x0 linker stubs
 *(.bootloader)
 *(.ARM.extab* .gnu.linkonce.armextab.*)
 *(.gcc_except_table)

.v4_bx          0x00001bf0        0x0
 .v4_bx         0x00000000        0x0 linker stubs

.iplt           0x00001bf0        0x0
 .iplt          0x00000000        0x0 d:/newprogram/psoc/psoc creator/3.3/psoc creator/import/gnu/arm/4.9.3/bin/../lib/gcc/arm-none-eabi/4.9.3/armv6-m/crtbegin.o

.eh_frame_hdr
 *(.eh_frame_hdr)

.eh_frame       0x00001bf0        0x4
 *(.eh_frame)
 .eh_frame      0x00001bf0        0x0 d:/newprogram/psoc/psoc creator/3.3/psoc creator/import/gnu/arm/4.9.3/bin/../lib/gcc/arm-none-eabi/4.9.3/armv6-m/crtbegin.o
 .eh_frame      0x00001bf0        0x4 d:/newprogram/psoc/psoc creator/3.3/psoc creator/import/gnu/arm/4.9.3/bin/../lib/gcc/arm-none-eabi/4.9.3/armv6-m/crtend.o
                0x00001bf4                PROVIDE (__exidx_start, .)

.ARM.exidx
 *(.ARM.exidx* .gnu.linkonce.armexidx.*)
                0x00001bf4                __exidx_end = .

.rodata         0x00001bf4      0x184
 *(.rodata .rodata.* .gnu.linkonce.r.*)
 .rodata.str1.4
                0x00001bf4       0x48 .\CortexM0\ARM_GCC_493\Debug\main.o
 .rodata        0x00001c3c       0x4c .\CortexM0\ARM_GCC_493\Debug\Design01.a(cyfitter_cfg.o)
 .rodata        0x00001c88       0x10 .\CortexM0\ARM_GCC_493\Debug\Design01.a(ADC_SAR_Seq.o)
 .rodata        0x00001c98       0x30 .\CortexM0\ARM_GCC_493\Debug\Design01.a(CyLib.o)
                0x00001c98                cyImoFreqMhz2Reg
 .rodata        0x00001cc8       0x40 .\CortexM0\ARM_GCC_493\Debug\Design01.a(LCD_Char_1_BarGraph.o)
                0x00001cc8                LCD_Char_1_customFonts
 .rodata.str1.1
                0x00001d08        0x2 d:/newprogram/psoc/psoc creator/3.3/psoc creator/import/gnu/arm/4.9.3/bin/../lib/gcc/arm-none-eabi/4.9.3/../../../../arm-none-eabi/lib/armv6-m\libg_nano.a(lib_a-impure.o)
 .rodata.str1.1
                0x00001d0a       0x11 d:/newprogram/psoc/psoc creator/3.3/psoc creator/import/gnu/arm/4.9.3/bin/../lib/gcc/arm-none-eabi/4.9.3/../../../../arm-none-eabi/lib/armv6-m\libg_nano.a(lib_a-nano-svfprintf.o)
 .rodata.str1.1
                0x00001d1b       0x22 d:/newprogram/psoc/psoc creator/3.3/psoc creator/import/gnu/arm/4.9.3/bin/../lib/gcc/arm-none-eabi/4.9.3/../../../../arm-none-eabi/lib/armv6-m\libg_nano.a(lib_a-nano-vfprintf_i.o)
                0x00001d40                . = ALIGN (0x4)
 *fill*         0x00001d3d        0x3 
 *(.init)
 .init          0x00001d40        0x4 d:/newprogram/psoc/psoc creator/3.3/psoc creator/import/gnu/arm/4.9.3/bin/../lib/gcc/arm-none-eabi/4.9.3/armv6-m/crti.o
                0x00001d40                _init
 .init          0x00001d44        0x8 d:/newprogram/psoc/psoc creator/3.3/psoc creator/import/gnu/arm/4.9.3/bin/../lib/gcc/arm-none-eabi/4.9.3/armv6-m/crtn.o
                0x00001d4c                . = ALIGN (0x4)
                0x00001d4c                __preinit_array_start = .
 *(.preinit_array)
                0x00001d4c                __preinit_array_end = .
                0x00001d4c                . = ALIGN (0x4)
                0x00001d4c                __init_array_start = .
 *(SORT(.init_array.*))
 *(.init_array)
 .init_array    0x00001d4c        0x4 d:/newprogram/psoc/psoc creator/3.3/psoc creator/import/gnu/arm/4.9.3/bin/../lib/gcc/arm-none-eabi/4.9.3/armv6-m/crtbegin.o
 .init_array    0x00001d50        0x4 .\CortexM0\ARM_GCC_493\Debug\Cm0Start.o
                0x00001d54                __init_array_end = .
                0x00001d54                . = ALIGN (0x4)
 *(.fini)
 .fini          0x00001d54        0x4 d:/newprogram/psoc/psoc creator/3.3/psoc creator/import/gnu/arm/4.9.3/bin/../lib/gcc/arm-none-eabi/4.9.3/armv6-m/crti.o
                0x00001d54                _fini
 .fini          0x00001d58        0x8 d:/newprogram/psoc/psoc creator/3.3/psoc creator/import/gnu/arm/4.9.3/bin/../lib/gcc/arm-none-eabi/4.9.3/armv6-m/crtn.o
                0x00001d60                . = ALIGN (0x4)
                0x00001d60                __fini_array_start = .
 *(.fini_array)
 .fini_array    0x00001d60        0x4 d:/newprogram/psoc/psoc creator/3.3/psoc creator/import/gnu/arm/4.9.3/bin/../lib/gcc/arm-none-eabi/4.9.3/armv6-m/crtbegin.o
 *(SORT(.fini_array.*))
                0x00001d64                __fini_array_end = .
                0x00001d64                . = ALIGN (0x4)
 *crtbegin.o(.ctors)
 *(EXCLUDE_FILE(*crtend.o) .ctors)
 *(SORT(.ctors.*))
 *crtend.o(.ctors)
                0x00001d64                . = ALIGN (0x4)
 *crtbegin.o(.dtors)
 *(EXCLUDE_FILE(*crtend.o) .dtors)
 *(SORT(.dtors.*))
 *crtend.o(.dtors)
                0x00001d64                . = ALIGN (0x4)
                0x00001d64                __cy_regions = .
                0x00001d64        0x4 LONG 0x1d78 __cy_region_init_ram
                0x00001d68        0x4 LONG 0x200000c8 __cy_region_start_data
                0x00001d6c        0x4 LONG 0x90 __cy_region_init_size_ram
                0x00001d70        0x4 LONG 0xa8 __cy_region_zero_size_ram
                0x00001d74                __cy_regions_end = .
                0x00001d78                . = ALIGN (0x8)
 *fill*         0x00001d74        0x4 
                0x00001d78                _etext = .

.cy_checksum_exclude
                0x00001d78        0x0
 *(.cy_checksum_exclude)

.ramvectors     0x20000000       0xc0
                0x20000000                __cy_region_start_ram = .
 *(.ramvectors)
 .ramvectors    0x20000000       0xc0 .\CortexM0\ARM_GCC_493\Debug\Cm0Start.o
                0x20000000                CyRamVectors

.noinit         0x200000c0        0x4
 *(.noinit)
 .noinit        0x200000c0        0x4 .\CortexM0\ARM_GCC_493\Debug\Cm0Start.o

.data           0x200000c8       0x90 load address 0x00001d78
                0x200000c8                __cy_region_start_data = .
 *(.jcr)
 .jcr           0x200000c8        0x0 d:/newprogram/psoc/psoc creator/3.3/psoc creator/import/gnu/arm/4.9.3/bin/../lib/gcc/arm-none-eabi/4.9.3/armv6-m/crtbegin.o
 .jcr           0x200000c8        0x4 d:/newprogram/psoc/psoc creator/3.3/psoc creator/import/gnu/arm/4.9.3/bin/../lib/gcc/arm-none-eabi/4.9.3/armv6-m/crtend.o
 *(.got.plt)
 *(.got)
 *(.shdata)
 *(.data .data.* .gnu.linkonce.d.*)
 .data          0x200000cc        0xc .\CortexM0\ARM_GCC_493\Debug\main.o
                0x200000cc                PWM_left
                0x200000d0                PWM_right
                0x200000d4                angle
 .data          0x200000d8        0x4 .\CortexM0\ARM_GCC_493\Debug\Cm0Start.o
 .data          0x200000dc       0x10 .\CortexM0\ARM_GCC_493\Debug\Design01.a(CyLib.o)
                0x200000dc                cydelay32kMs
                0x200000e0                cydelayFreqKhz
                0x200000e4                cydelayFreqMhz
                0x200000e8                cydelayFreqHz
 .data          0x200000ec        0x4 .\CortexM0\ARM_GCC_493\Debug\Design01.a(CyLFClk.o)
 .data.impure_data
                0x200000f0       0x60 d:/newprogram/psoc/psoc creator/3.3/psoc creator/import/gnu/arm/4.9.3/bin/../lib/gcc/arm-none-eabi/4.9.3/../../../../arm-none-eabi/lib/armv6-m\libg_nano.a(lib_a-impure.o)
 .data._impure_ptr
                0x20000150        0x4 d:/newprogram/psoc/psoc creator/3.3/psoc creator/import/gnu/arm/4.9.3/bin/../lib/gcc/arm-none-eabi/4.9.3/../../../../arm-none-eabi/lib/armv6-m\libg_nano.a(lib_a-impure.o)
                0x20000150                _impure_ptr
                0x20000158                . = ALIGN (0x8)
 *fill*         0x20000154        0x4 
 *(.ram)
                0x20000158                _edata = .

.igot.plt       0x20000158        0x0 load address 0x00001e08
 .igot.plt      0x00000000        0x0 d:/newprogram/psoc/psoc creator/3.3/psoc creator/import/gnu/arm/4.9.3/bin/../lib/gcc/arm-none-eabi/4.9.3/armv6-m/crtbegin.o

.bss            0x20000158       0xa8 load address 0x00001e08
                0x20000158                PROVIDE (__bss_start__, .)
 *(.shbss)
 *(.bss .bss.* .gnu.linkonce.b.*)
 .bss           0x20000158       0x1c d:/newprogram/psoc/psoc creator/3.3/psoc creator/import/gnu/arm/4.9.3/bin/../lib/gcc/arm-none-eabi/4.9.3/armv6-m/crtbegin.o
 .bss           0x20000174       0x10 .\CortexM0\ARM_GCC_493\Debug\main.o
                0x20000174                ADC_Result
                0x20000178                ADC_Result1
                0x2000017c                ADC_Result2
                0x20000180                Angle
 .bss           0x20000184        0x1 .\CortexM0\ARM_GCC_493\Debug\Design01.a(UART.o)
                0x20000184                UART_initVar
 .bss           0x20000185        0x1 .\CortexM0\ARM_GCC_493\Debug\Design01.a(ADC_SAR_Seq.o)
                0x20000185                ADC_SAR_Seq_initVar
 *fill*         0x20000186        0x2 
 .bss           0x20000188       0x1c .\CortexM0\ARM_GCC_493\Debug\Design01.a(CyLFClk.o)
 .bss           0x200001a4        0x2 .\CortexM0\ARM_GCC_493\Debug\Design01.a(LCD_Char_1.o)
                0x200001a4                LCD_Char_1_enableState
                0x200001a5                LCD_Char_1_initVar
 .bss           0x200001a6        0x1 .\CortexM0\ARM_GCC_493\Debug\Design01.a(PWM.o)
                0x200001a6                PWM_initVar
 .bss           0x200001a7        0x1 .\CortexM0\ARM_GCC_493\Debug\Design01.a(PWM_1.o)
                0x200001a7                PWM_1_initVar
 .bss.__malloc_sbrk_start
                0x200001a8        0x4 d:/newprogram/psoc/psoc creator/3.3/psoc creator/import/gnu/arm/4.9.3/bin/../lib/gcc/arm-none-eabi/4.9.3/../../../../arm-none-eabi/lib/armv6-m\libg_nano.a(lib_a-nano-mallocr.o)
                0x200001a8                __malloc_sbrk_start
 .bss.__malloc_free_list
                0x200001ac        0x4 d:/newprogram/psoc/psoc creator/3.3/psoc creator/import/gnu/arm/4.9.3/bin/../lib/gcc/arm-none-eabi/4.9.3/../../../../arm-none-eabi/lib/armv6-m\libg_nano.a(lib_a-nano-mallocr.o)
                0x200001ac                __malloc_free_list
 *(COMMON)
 COMMON         0x200001b0       0x32 .\CortexM0\ARM_GCC_493\Debug\main.o
                0x200001b0                string
 *fill*         0x200001e2        0x2 
 COMMON         0x200001e4       0x12 .\CortexM0\ARM_GCC_493\Debug\Design01.a(ADC_SAR_Seq.o)
                0x200001e4                ADC_SAR_Seq_countsPer10Volt
                0x200001f0                ADC_SAR_Seq_offset
 *fill*         0x200001f6        0x2 
 COMMON         0x200001f8        0x4 d:/newprogram/psoc/psoc creator/3.3/psoc creator/import/gnu/arm/4.9.3/bin/../lib/gcc/arm-none-eabi/4.9.3/../../../../arm-none-eabi/lib/armv6-m\libg_nano.a(lib_a-reent.o)
                0x200001f8                errno
                0x20000200                . = ALIGN (0x8)
 *fill*         0x200001fc        0x4 
 *(.ram.b)
                0x20000200                _end = .
                0x20000200                __end = .
                0x20000200                PROVIDE (end, .)
                0x20000200                PROVIDE (__bss_end__, .)
                0x00001d78                __cy_region_init_ram = LOADADDR (.data)
                0x00000090                __cy_region_init_size_ram = (_edata - ADDR (.data))
                0x000000a8                __cy_region_zero_size_ram = (_end - _edata)

.heap           0x20000200       0x80 load address 0x00001e08
                0x20000200                . = _end
                0x20000280                . = (. + 0x80)
 *fill*         0x20000200       0x80 
                0x20000280                __cy_heap_limit = .

.stack          0x20000c00      0x400
                0x20000c00                __cy_stack_limit = .
                0x20001000                . = (. + 0x400)
 *fill*         0x20000c00      0x400 
                0x00000001                ASSERT ((__cy_stack_limit >= __cy_heap_limit), region RAM overflowed with stack)
                0x00000000                cy_checksum_exclude_size = (CY_APPL_LOADABLE == 0x1)?SIZEOF (.cy_checksum_exclude):0x0
                0x00000001                ASSERT ((cy_checksum_exclude_size <= CY_CHECKSUM_EXCLUDE_SIZE), CY_BOOT: Section .cy_checksum_exclude size exceedes specified limit.)
                0x00007fc0                cyloadermeta_start = (cy_project_type_bootloader || cy_project_type_app_for_stack_and_copier)?(0x8000 - CY_METADATA_SIZE):0xf0000000

.cyloadermeta
 *(.cyloadermeta)
                0x00007fc0                cyloadablemeta_start = cy_project_type_app_for_stack_and_copier?((0x8000 - CY_FLASH_ROW_SIZE) - CY_METADATA_SIZE):((0x8000 - (CY_FLASH_ROW_SIZE * (CY_APPL_NUM - 0x1))) - CY_METADATA_SIZE)

.cyloadablemeta
 *(.cyloadablemeta)

.cyflashprotect
                0x90400000       0x20
 *(.cyflashprotect)
 .cyflashprotect
                0x90400000       0x20 .\CortexM0\ARM_GCC_493\Debug\cymetadata.o
                0x90400000                cy_meta_flashprotect

.cymeta         0x90500000        0xc
 *(.cymeta)
 .cymeta        0x90500000        0xc .\CortexM0\ARM_GCC_493\Debug\cymetadata.o
                0x90500000                cy_metadata

.cychipprotect  0x90600000        0x4
 *(.cychipprotect)
 .cychipprotect
                0x90600000        0x4 .\CortexM0\ARM_GCC_493\Debug\cymetadata.o
                0x90600000                cy_meta_chipprotect

.rel.dyn        0x00001e08        0x0 load address 0x90600004
 .rel.iplt      0x00000000        0x0 d:/newprogram/psoc/psoc creator/3.3/psoc creator/import/gnu/arm/4.9.3/bin/../lib/gcc/arm-none-eabi/4.9.3/armv6-m/crtbegin.o

.stab
 *(.stab)

.stabstr
 *(.stabstr)

.debug
 *(.debug)

.line
 *(.line)

.debug_srcinfo
 *(.debug_srcinfo)

.debug_sfnames
 *(.debug_sfnames)

.debug_aranges  0x00000000      0x8d8
 *(.debug_aranges)
 .debug_aranges
                0x00000000       0x28 .\CortexM0\ARM_GCC_493\Debug\main.o
 .debug_aranges
                0x00000028       0x18 .\CortexM0\ARM_GCC_493\Debug\cymetadata.o
 .debug_aranges
                0x00000040       0x48 .\CortexM0\ARM_GCC_493\Debug\Cm0Start.o
 .debug_aranges
                0x00000088       0x48 .\CortexM0\ARM_GCC_493\Debug\Design01.a(cyfitter_cfg.o)
 .debug_aranges
                0x000000d0       0x60 .\CortexM0\ARM_GCC_493\Debug\Design01.a(UART.o)
 .debug_aranges
                0x00000130       0x60 .\CortexM0\ARM_GCC_493\Debug\Design01.a(UART_UART.o)
 .debug_aranges
                0x00000190       0xa8 .\CortexM0\ARM_GCC_493\Debug\Design01.a(ADC_SAR_Seq.o)
 .debug_aranges
                0x00000238       0x20 .\CortexM0\ARM_GCC_493\Debug\Design01.a(ADC_SAR_Seq_INT.o)
 .debug_aranges
                0x00000258      0x170 .\CortexM0\ARM_GCC_493\Debug\Design01.a(CyLib.o)
 .debug_aranges
                0x000003c8      0x120 .\CortexM0\ARM_GCC_493\Debug\Design01.a(CyLFClk.o)
 .debug_aranges
                0x000004e8       0x28 .\CortexM0\ARM_GCC_493\Debug\Design01.a(LCD_Char_1_BarGraph.o)
 .debug_aranges
                0x00000510       0x98 .\CortexM0\ARM_GCC_493\Debug\Design01.a(LCD_Char_1.o)
 .debug_aranges
                0x000005a8      0x158 .\CortexM0\ARM_GCC_493\Debug\Design01.a(PWM.o)
 .debug_aranges
                0x00000700      0x158 .\CortexM0\ARM_GCC_493\Debug\Design01.a(PWM_1.o)
 .debug_aranges
                0x00000858       0x60 .\CortexM0\ARM_GCC_493\Debug\Design01.a(UART_SPI_UART.o)
 .debug_aranges
                0x000008b8       0x20 .\CortexM0\ARM_GCC_493\Debug\Design01.a(CyBootAsmGnu.o)

.debug_pubnames
 *(.debug_pubnames)

.debug_info     0x00000000     0x4e3e
 *(.debug_info .gnu.linkonce.wi.*)
 .debug_info    0x00000000      0x585 .\CortexM0\ARM_GCC_493\Debug\main.o
 .debug_info    0x00000585       0xfd .\CortexM0\ARM_GCC_493\Debug\cymetadata.o
 .debug_info    0x00000682      0x38a .\CortexM0\ARM_GCC_493\Debug\Cm0Start.o
 .debug_info    0x00000a0c      0x41d .\CortexM0\ARM_GCC_493\Debug\Design01.a(cyfitter_cfg.o)
 .debug_info    0x00000e29      0x21a .\CortexM0\ARM_GCC_493\Debug\Design01.a(UART.o)
 .debug_info    0x00001043      0x2ab .\CortexM0\ARM_GCC_493\Debug\Design01.a(UART_UART.o)
 .debug_info    0x000012ee      0x5b8 .\CortexM0\ARM_GCC_493\Debug\Design01.a(ADC_SAR_Seq.o)
 .debug_info    0x000018a6       0xc3 .\CortexM0\ARM_GCC_493\Debug\Design01.a(ADC_SAR_Seq_INT.o)
 .debug_info    0x00001969      0xa61 .\CortexM0\ARM_GCC_493\Debug\Design01.a(CyLib.o)
 .debug_info    0x000023ca      0xc20 .\CortexM0\ARM_GCC_493\Debug\Design01.a(CyLFClk.o)
 .debug_info    0x00002fea      0x245 .\CortexM0\ARM_GCC_493\Debug\Design01.a(LCD_Char_1_BarGraph.o)
 .debug_info    0x0000322f      0x76b .\CortexM0\ARM_GCC_493\Debug\Design01.a(LCD_Char_1.o)
 .debug_info    0x0000399a      0x902 .\CortexM0\ARM_GCC_493\Debug\Design01.a(PWM.o)
 .debug_info    0x0000429c      0x902 .\CortexM0\ARM_GCC_493\Debug\Design01.a(PWM_1.o)
 .debug_info    0x00004b9e      0x215 .\CortexM0\ARM_GCC_493\Debug\Design01.a(UART_SPI_UART.o)
 .debug_info    0x00004db3       0x8b .\CortexM0\ARM_GCC_493\Debug\Design01.a(CyBootAsmGnu.o)

.debug_abbrev   0x00000000     0x156e
 *(.debug_abbrev)
 .debug_abbrev  0x00000000      0x186 .\CortexM0\ARM_GCC_493\Debug\main.o
 .debug_abbrev  0x00000186       0x5d .\CortexM0\ARM_GCC_493\Debug\cymetadata.o
 .debug_abbrev  0x000001e3      0x1fe .\CortexM0\ARM_GCC_493\Debug\Cm0Start.o
 .debug_abbrev  0x000003e1      0x1f3 .\CortexM0\ARM_GCC_493\Debug\Design01.a(cyfitter_cfg.o)
 .debug_abbrev  0x000005d4       0xfa .\CortexM0\ARM_GCC_493\Debug\Design01.a(UART.o)
 .debug_abbrev  0x000006ce      0x139 .\CortexM0\ARM_GCC_493\Debug\Design01.a(UART_UART.o)
 .debug_abbrev  0x00000807      0x1ea .\CortexM0\ARM_GCC_493\Debug\Design01.a(ADC_SAR_Seq.o)
 .debug_abbrev  0x000009f1       0x72 .\CortexM0\ARM_GCC_493\Debug\Design01.a(ADC_SAR_Seq_INT.o)
 .debug_abbrev  0x00000a63      0x20d .\CortexM0\ARM_GCC_493\Debug\Design01.a(CyLib.o)
 .debug_abbrev  0x00000c70      0x226 .\CortexM0\ARM_GCC_493\Debug\Design01.a(CyLFClk.o)
 .debug_abbrev  0x00000e96      0x136 .\CortexM0\ARM_GCC_493\Debug\Design01.a(LCD_Char_1_BarGraph.o)
 .debug_abbrev  0x00000fcc      0x198 .\CortexM0\ARM_GCC_493\Debug\Design01.a(LCD_Char_1.o)
 .debug_abbrev  0x00001164      0x140 .\CortexM0\ARM_GCC_493\Debug\Design01.a(PWM.o)
 .debug_abbrev  0x000012a4      0x140 .\CortexM0\ARM_GCC_493\Debug\Design01.a(PWM_1.o)
 .debug_abbrev  0x000013e4      0x176 .\CortexM0\ARM_GCC_493\Debug\Design01.a(UART_SPI_UART.o)
 .debug_abbrev  0x0000155a       0x14 .\CortexM0\ARM_GCC_493\Debug\Design01.a(CyBootAsmGnu.o)

.debug_line     0x00000000     0x1ea6
 *(.debug_line)
 .debug_line    0x00000000      0x161 .\CortexM0\ARM_GCC_493\Debug\main.o
 .debug_line    0x00000161       0x53 .\CortexM0\ARM_GCC_493\Debug\cymetadata.o
 .debug_line    0x000001b4      0x230 .\CortexM0\ARM_GCC_493\Debug\Cm0Start.o
 .debug_line    0x000003e4      0x18c .\CortexM0\ARM_GCC_493\Debug\Design01.a(cyfitter_cfg.o)
 .debug_line    0x00000570      0x140 .\CortexM0\ARM_GCC_493\Debug\Design01.a(UART.o)
 .debug_line    0x000006b0      0x154 .\CortexM0\ARM_GCC_493\Debug\Design01.a(UART_UART.o)
 .debug_line    0x00000804      0x2a3 .\CortexM0\ARM_GCC_493\Debug\Design01.a(ADC_SAR_Seq.o)
 .debug_line    0x00000aa7       0x6c .\CortexM0\ARM_GCC_493\Debug\Design01.a(ADC_SAR_Seq_INT.o)
 .debug_line    0x00000b13      0x42c .\CortexM0\ARM_GCC_493\Debug\Design01.a(CyLib.o)
 .debug_line    0x00000f3f      0x3fe .\CortexM0\ARM_GCC_493\Debug\Design01.a(CyLFClk.o)
 .debug_line    0x0000133d       0xcf .\CortexM0\ARM_GCC_493\Debug\Design01.a(LCD_Char_1_BarGraph.o)
 .debug_line    0x0000140c      0x200 .\CortexM0\ARM_GCC_493\Debug\Design01.a(LCD_Char_1.o)
 .debug_line    0x0000160c      0x37e .\CortexM0\ARM_GCC_493\Debug\Design01.a(PWM.o)
 .debug_line    0x0000198a      0x380 .\CortexM0\ARM_GCC_493\Debug\Design01.a(PWM_1.o)
 .debug_line    0x00001d0a      0x133 .\CortexM0\ARM_GCC_493\Debug\Design01.a(UART_SPI_UART.o)
 .debug_line    0x00001e3d       0x69 .\CortexM0\ARM_GCC_493\Debug\Design01.a(CyBootAsmGnu.o)

.debug_frame    0x00000000     0x1b98
 *(.debug_frame)
 .debug_frame   0x00000000       0x50 .\CortexM0\ARM_GCC_493\Debug\main.o
 .debug_frame   0x00000050       0xb0 .\CortexM0\ARM_GCC_493\Debug\Cm0Start.o
 .debug_frame   0x00000100       0xb4 .\CortexM0\ARM_GCC_493\Debug\Design01.a(cyfitter_cfg.o)
 .debug_frame   0x000001b4       0xe8 .\CortexM0\ARM_GCC_493\Debug\Design01.a(UART.o)
 .debug_frame   0x0000029c       0xe0 .\CortexM0\ARM_GCC_493\Debug\Design01.a(UART_UART.o)
 .debug_frame   0x0000037c      0x1b0 .\CortexM0\ARM_GCC_493\Debug\Design01.a(ADC_SAR_Seq.o)
 .debug_frame   0x0000052c       0x20 .\CortexM0\ARM_GCC_493\Debug\Design01.a(ADC_SAR_Seq_INT.o)
 .debug_frame   0x0000054c      0x3b4 .\CortexM0\ARM_GCC_493\Debug\Design01.a(CyLib.o)
 .debug_frame   0x00000900      0x368 .\CortexM0\ARM_GCC_493\Debug\Design01.a(CyLFClk.o)
 .debug_frame   0x00000c68       0x58 .\CortexM0\ARM_GCC_493\Debug\Design01.a(LCD_Char_1_BarGraph.o)
 .debug_frame   0x00000cc0      0x1f0 .\CortexM0\ARM_GCC_493\Debug\Design01.a(LCD_Char_1.o)
 .debug_frame   0x00000eb0      0x390 .\CortexM0\ARM_GCC_493\Debug\Design01.a(PWM.o)
 .debug_frame   0x00001240      0x390 .\CortexM0\ARM_GCC_493\Debug\Design01.a(PWM_1.o)
 .debug_frame   0x000015d0       0xb0 .\CortexM0\ARM_GCC_493\Debug\Design01.a(UART_SPI_UART.o)
 .debug_frame   0x00001680       0x20 d:/newprogram/psoc/psoc creator/3.3/psoc creator/import/gnu/arm/4.9.3/bin/../lib/gcc/arm-none-eabi/4.9.3/armv6-m\libgcc.a(_udivsi3.o)
 .debug_frame   0x000016a0       0x20 d:/newprogram/psoc/psoc creator/3.3/psoc creator/import/gnu/arm/4.9.3/bin/../lib/gcc/arm-none-eabi/4.9.3/armv6-m\libgcc.a(_divsi3.o)
 .debug_frame   0x000016c0       0x34 d:/newprogram/psoc/psoc creator/3.3/psoc creator/import/gnu/arm/4.9.3/bin/../lib/gcc/arm-none-eabi/4.9.3/armv6-m\libgcc.a(_muldi3.o)
 .debug_frame   0x000016f4       0x50 d:/newprogram/psoc/psoc creator/3.3/psoc creator/import/gnu/arm/4.9.3/bin/../lib/gcc/arm-none-eabi/4.9.3/armv6-m\libgcc.a(bpabi.o)
 .debug_frame   0x00001744       0x3c d:/newprogram/psoc/psoc creator/3.3/psoc creator/import/gnu/arm/4.9.3/bin/../lib/gcc/arm-none-eabi/4.9.3/armv6-m\libgcc.a(divsf3.o)
 .debug_frame   0x00001780       0x3c d:/newprogram/psoc/psoc creator/3.3/psoc creator/import/gnu/arm/4.9.3/bin/../lib/gcc/arm-none-eabi/4.9.3/armv6-m\libgcc.a(mulsf3.o)
 .debug_frame   0x000017bc       0x2c d:/newprogram/psoc/psoc creator/3.3/psoc creator/import/gnu/arm/4.9.3/bin/../lib/gcc/arm-none-eabi/4.9.3/armv6-m\libgcc.a(floatsisf.o)
 .debug_frame   0x000017e8       0x3c d:/newprogram/psoc/psoc creator/3.3/psoc creator/import/gnu/arm/4.9.3/bin/../lib/gcc/arm-none-eabi/4.9.3/armv6-m\libgcc.a(_divdi3.o)
 .debug_frame   0x00001824       0x3c d:/newprogram/psoc/psoc creator/3.3/psoc creator/import/gnu/arm/4.9.3/bin/../lib/gcc/arm-none-eabi/4.9.3/armv6-m\libgcc.a(_udivdi3.o)
 .debug_frame   0x00001860       0x20 d:/newprogram/psoc/psoc creator/3.3/psoc creator/import/gnu/arm/4.9.3/bin/../lib/gcc/arm-none-eabi/4.9.3/../../../../arm-none-eabi/lib/armv6-m\libg_nano.a(lib_a-errno.o)
 .debug_frame   0x00001880       0x28 d:/newprogram/psoc/psoc creator/3.3/psoc creator/import/gnu/arm/4.9.3/bin/../lib/gcc/arm-none-eabi/4.9.3/../../../../arm-none-eabi/lib/armv6-m\libg_nano.a(lib_a-exit.o)
 .debug_frame   0x000018a8       0x2c d:/newprogram/psoc/psoc creator/3.3/psoc creator/import/gnu/arm/4.9.3/bin/../lib/gcc/arm-none-eabi/4.9.3/../../../../arm-none-eabi/lib/armv6-m\libg_nano.a(lib_a-init.o)
 .debug_frame   0x000018d4       0x28 d:/newprogram/psoc/psoc creator/3.3/psoc creator/import/gnu/arm/4.9.3/bin/../lib/gcc/arm-none-eabi/4.9.3/../../../../arm-none-eabi/lib/armv6-m\libg_nano.a(lib_a-memcpy.o)
 .debug_frame   0x000018fc       0x20 d:/newprogram/psoc/psoc creator/3.3/psoc creator/import/gnu/arm/4.9.3/bin/../lib/gcc/arm-none-eabi/4.9.3/../../../../arm-none-eabi/lib/armv6-m\libg_nano.a(lib_a-memset.o)
 .debug_frame   0x0000191c       0x50 d:/newprogram/psoc/psoc creator/3.3/psoc creator/import/gnu/arm/4.9.3/bin/../lib/gcc/arm-none-eabi/4.9.3/../../../../arm-none-eabi/lib/armv6-m\libg_nano.a(lib_a-sprintf.o)
 .debug_frame   0x0000196c       0x74 d:/newprogram/psoc/psoc creator/3.3/psoc creator/import/gnu/arm/4.9.3/bin/../lib/gcc/arm-none-eabi/4.9.3/../../../../arm-none-eabi/lib/armv6-m\libg_nano.a(lib_a-nano-svfprintf.o)
 .debug_frame   0x000019e0       0x54 d:/newprogram/psoc/psoc creator/3.3/psoc creator/import/gnu/arm/4.9.3/bin/../lib/gcc/arm-none-eabi/4.9.3/../../../../arm-none-eabi/lib/armv6-m\libg_nano.a(lib_a-nano-vfprintf_i.o)
 .debug_frame   0x00001a34       0x20 d:/newprogram/psoc/psoc creator/3.3/psoc creator/import/gnu/arm/4.9.3/bin/../lib/gcc/arm-none-eabi/4.9.3/../../../../arm-none-eabi/lib/armv6-m\libg_nano.a(lib_a-memchr.o)
 .debug_frame   0x00001a54       0x28 d:/newprogram/psoc/psoc creator/3.3/psoc creator/import/gnu/arm/4.9.3/bin/../lib/gcc/arm-none-eabi/4.9.3/../../../../arm-none-eabi/lib/armv6-m\libg_nano.a(lib_a-memmove.o)
 .debug_frame   0x00001a7c       0x2c d:/newprogram/psoc/psoc creator/3.3/psoc creator/import/gnu/arm/4.9.3/bin/../lib/gcc/arm-none-eabi/4.9.3/../../../../arm-none-eabi/lib/armv6-m\libg_nano.a(lib_a-nano-freer.o)
 .debug_frame   0x00001aa8       0x2c d:/newprogram/psoc/psoc creator/3.3/psoc creator/import/gnu/arm/4.9.3/bin/../lib/gcc/arm-none-eabi/4.9.3/../../../../arm-none-eabi/lib/armv6-m\libg_nano.a(lib_a-nano-mallocr.o)
 .debug_frame   0x00001ad4       0x30 d:/newprogram/psoc/psoc creator/3.3/psoc creator/import/gnu/arm/4.9.3/bin/../lib/gcc/arm-none-eabi/4.9.3/../../../../arm-none-eabi/lib/armv6-m\libg_nano.a(lib_a-nano-reallocr.o)
 .debug_frame   0x00001b04       0x2c d:/newprogram/psoc/psoc creator/3.3/psoc creator/import/gnu/arm/4.9.3/bin/../lib/gcc/arm-none-eabi/4.9.3/../../../../arm-none-eabi/lib/armv6-m\libg_nano.a(lib_a-sbrkr.o)
 .debug_frame   0x00001b30       0x20 d:/newprogram/psoc/psoc creator/3.3/psoc creator/import/gnu/arm/4.9.3/bin/../lib/gcc/arm-none-eabi/4.9.3/../../../../arm-none-eabi/lib/armv6-m\libg_nano.a(lib_a-nano-msizer.o)
 .debug_frame   0x00001b50       0x48 d:/newprogram/psoc/psoc creator/3.3/psoc creator/import/gnu/arm/4.9.3/bin/../lib/gcc/arm-none-eabi/4.9.3/../../../../arm-none-eabi/lib/armv6-m\libg_nano.a(lib_a-reent.o)

.debug_str      0x00000000     0x1cd3
 *(.debug_str)
 .debug_str     0x00000000      0x2f9 .\CortexM0\ARM_GCC_493\Debug\main.o
                                0x338 (size before relaxing)
 .debug_str     0x000002f9       0x5b .\CortexM0\ARM_GCC_493\Debug\cymetadata.o
                                0x1c9 (size before relaxing)
 .debug_str     0x00000354      0x15c .\CortexM0\ARM_GCC_493\Debug\Cm0Start.o
                                0x2f0 (size before relaxing)
 .debug_str     0x000004b0      0x12d .\CortexM0\ARM_GCC_493\Debug\Design01.a(cyfitter_cfg.o)
                                0x2f9 (size before relaxing)
 .debug_str     0x000005dd      0x105 .\CortexM0\ARM_GCC_493\Debug\Design01.a(UART.o)
                                0x28b (size before relaxing)
 .debug_str     0x000006e2      0x10d .\CortexM0\ARM_GCC_493\Debug\Design01.a(UART_UART.o)
                                0x2da (size before relaxing)
 .debug_str     0x000007ef      0x268 .\CortexM0\ARM_GCC_493\Debug\Design01.a(ADC_SAR_Seq.o)
                                0x494 (size before relaxing)
 .debug_str     0x00000a57       0x47 .\CortexM0\ARM_GCC_493\Debug\Design01.a(ADC_SAR_Seq_INT.o)
                                0x1bc (size before relaxing)
 .debug_str     0x00000a9e      0x43c .\CortexM0\ARM_GCC_493\Debug\Design01.a(CyLib.o)
                                0x644 (size before relaxing)
 .debug_str     0x00000eda      0x46d .\CortexM0\ARM_GCC_493\Debug\Design01.a(CyLFClk.o)
                                0x64e (size before relaxing)
 .debug_str     0x00001347       0xbc .\CortexM0\ARM_GCC_493\Debug\Design01.a(LCD_Char_1_BarGraph.o)
                                0x28e (size before relaxing)
 .debug_str     0x00001403      0x168 .\CortexM0\ARM_GCC_493\Debug\Design01.a(LCD_Char_1.o)
                                0x3d9 (size before relaxing)
 .debug_str     0x0000156b      0x379 .\CortexM0\ARM_GCC_493\Debug\Design01.a(PWM.o)
                                0x54c (size before relaxing)
 .debug_str     0x000018e4      0x30a .\CortexM0\ARM_GCC_493\Debug\Design01.a(PWM_1.o)
                                0x5a0 (size before relaxing)
 .debug_str     0x00001bee       0xe5 .\CortexM0\ARM_GCC_493\Debug\Design01.a(UART_SPI_UART.o)
                                0x2bd (size before relaxing)

.debug_loc      0x00000000     0x2673
 *(.debug_loc)
 .debug_loc     0x00000000       0x2c .\CortexM0\ARM_GCC_493\Debug\main.o
 .debug_loc     0x0000002c      0x14f .\CortexM0\ARM_GCC_493\Debug\Cm0Start.o
 .debug_loc     0x0000017b      0x136 .\CortexM0\ARM_GCC_493\Debug\Design01.a(cyfitter_cfg.o)
 .debug_loc     0x000002b1       0x7e .\CortexM0\ARM_GCC_493\Debug\Design01.a(UART.o)
 .debug_loc     0x0000032f      0x173 .\CortexM0\ARM_GCC_493\Debug\Design01.a(UART_UART.o)
 .debug_loc     0x000004a2      0x482 .\CortexM0\ARM_GCC_493\Debug\Design01.a(ADC_SAR_Seq.o)
 .debug_loc     0x00000924      0x534 .\CortexM0\ARM_GCC_493\Debug\Design01.a(CyLib.o)
 .debug_loc     0x00000e58      0x7df .\CortexM0\ARM_GCC_493\Debug\Design01.a(CyLFClk.o)
 .debug_loc     0x00001637      0x135 .\CortexM0\ARM_GCC_493\Debug\Design01.a(LCD_Char_1_BarGraph.o)
 .debug_loc     0x0000176c      0x3e3 .\CortexM0\ARM_GCC_493\Debug\Design01.a(LCD_Char_1.o)
 .debug_loc     0x00001b4f      0x547 .\CortexM0\ARM_GCC_493\Debug\Design01.a(PWM.o)
 .debug_loc     0x00002096      0x547 .\CortexM0\ARM_GCC_493\Debug\Design01.a(PWM_1.o)
 .debug_loc     0x000025dd       0x96 .\CortexM0\ARM_GCC_493\Debug\Design01.a(UART_SPI_UART.o)

.debug_macinfo
 *(.debug_macinfo)

.debug_ranges   0x00000000      0x7c0
 *(.debug_ranges)
 .debug_ranges  0x00000000       0x18 .\CortexM0\ARM_GCC_493\Debug\main.o
 .debug_ranges  0x00000018       0x38 .\CortexM0\ARM_GCC_493\Debug\Cm0Start.o
 .debug_ranges  0x00000050       0x38 .\CortexM0\ARM_GCC_493\Debug\Design01.a(cyfitter_cfg.o)
 .debug_ranges  0x00000088       0x50 .\CortexM0\ARM_GCC_493\Debug\Design01.a(UART.o)
 .debug_ranges  0x000000d8       0x50 .\CortexM0\ARM_GCC_493\Debug\Design01.a(UART_UART.o)
 .debug_ranges  0x00000128       0x98 .\CortexM0\ARM_GCC_493\Debug\Design01.a(ADC_SAR_Seq.o)
 .debug_ranges  0x000001c0       0x10 .\CortexM0\ARM_GCC_493\Debug\Design01.a(ADC_SAR_Seq_INT.o)
 .debug_ranges  0x000001d0      0x160 .\CortexM0\ARM_GCC_493\Debug\Design01.a(CyLib.o)
 .debug_ranges  0x00000330      0x110 .\CortexM0\ARM_GCC_493\Debug\Design01.a(CyLFClk.o)
 .debug_ranges  0x00000440       0x18 .\CortexM0\ARM_GCC_493\Debug\Design01.a(LCD_Char_1_BarGraph.o)
 .debug_ranges  0x00000458       0x88 .\CortexM0\ARM_GCC_493\Debug\Design01.a(LCD_Char_1.o)
 .debug_ranges  0x000004e0      0x148 .\CortexM0\ARM_GCC_493\Debug\Design01.a(PWM.o)
 .debug_ranges  0x00000628      0x148 .\CortexM0\ARM_GCC_493\Debug\Design01.a(PWM_1.o)
 .debug_ranges  0x00000770       0x50 .\CortexM0\ARM_GCC_493\Debug\Design01.a(UART_SPI_UART.o)

.comment        0x00000000       0x70
 .comment       0x00000000       0x70 .\CortexM0\ARM_GCC_493\Debug\main.o
                                 0x71 (size before relaxing)
 .comment       0x00000000       0x71 .\CortexM0\ARM_GCC_493\Debug\cymetadata.o
 .comment       0x00000000       0x71 .\CortexM0\ARM_GCC_493\Debug\Cm0Start.o
 .comment       0x00000000       0x71 .\CortexM0\ARM_GCC_493\Debug\Design01.a(cyfitter_cfg.o)
 .comment       0x00000000       0x71 .\CortexM0\ARM_GCC_493\Debug\Design01.a(UART.o)
 .comment       0x00000000       0x71 .\CortexM0\ARM_GCC_493\Debug\Design01.a(UART_UART.o)
 .comment       0x00000000       0x71 .\CortexM0\ARM_GCC_493\Debug\Design01.a(ADC_SAR_Seq.o)
 .comment       0x00000000       0x71 .\CortexM0\ARM_GCC_493\Debug\Design01.a(ADC_SAR_Seq_INT.o)
 .comment       0x00000000       0x71 .\CortexM0\ARM_GCC_493\Debug\Design01.a(CyLib.o)
 .comment       0x00000000       0x71 .\CortexM0\ARM_GCC_493\Debug\Design01.a(CyLFClk.o)
 .comment       0x00000000       0x71 .\CortexM0\ARM_GCC_493\Debug\Design01.a(LCD_Char_1_BarGraph.o)
 .comment       0x00000000       0x71 .\CortexM0\ARM_GCC_493\Debug\Design01.a(LCD_Char_1.o)
 .comment       0x00000000       0x71 .\CortexM0\ARM_GCC_493\Debug\Design01.a(PWM.o)
 .comment       0x00000000       0x71 .\CortexM0\ARM_GCC_493\Debug\Design01.a(PWM_1.o)
 .comment       0x00000000       0x71 .\CortexM0\ARM_GCC_493\Debug\Design01.a(UART_SPI_UART.o)

.debug_weaknames
 *(.debug_weaknames)

.debug_funcnames
 *(.debug_funcnames)

.debug_typenames
 *(.debug_typenames)

.debug_varnames
 *(.debug_varnames)

.note.gnu.arm.ident
 *(.note.gnu.arm.ident)

.ARM.attributes
                0x00000000       0x28
 *(.ARM.attributes)
 .ARM.attributes
                0x00000000       0x1e d:/newprogram/psoc/psoc creator/3.3/psoc creator/import/gnu/arm/4.9.3/bin/../lib/gcc/arm-none-eabi/4.9.3/armv6-m/crti.o
 .ARM.attributes
                0x0000001e       0x2c d:/newprogram/psoc/psoc creator/3.3/psoc creator/import/gnu/arm/4.9.3/bin/../lib/gcc/arm-none-eabi/4.9.3/armv6-m/crtbegin.o
 .ARM.attributes
                0x0000004a       0x1b d:/newprogram/psoc/psoc creator/3.3/psoc creator/import/gnu/arm/4.9.3/bin/../lib/gcc/arm-none-eabi/4.9.3/../../../../arm-none-eabi/lib/armv6-m/crt0.o
 .ARM.attributes
                0x00000065       0x31 .\CortexM0\ARM_GCC_493\Debug\main.o
 .ARM.attributes
                0x00000096       0x31 .\CortexM0\ARM_GCC_493\Debug\cymetadata.o
 .ARM.attributes
                0x000000c7       0x31 .\CortexM0\ARM_GCC_493\Debug\Cm0Start.o
 .ARM.attributes
                0x000000f8       0x31 .\CortexM0\ARM_GCC_493\Debug\Design01.a(cyfitter_cfg.o)
 .ARM.attributes
                0x00000129       0x31 .\CortexM0\ARM_GCC_493\Debug\Design01.a(UART.o)
 .ARM.attributes
                0x0000015a       0x31 .\CortexM0\ARM_GCC_493\Debug\Design01.a(UART_UART.o)
 .ARM.attributes
                0x0000018b       0x31 .\CortexM0\ARM_GCC_493\Debug\Design01.a(ADC_SAR_Seq.o)
 .ARM.attributes
                0x000001bc       0x31 .\CortexM0\ARM_GCC_493\Debug\Design01.a(ADC_SAR_Seq_INT.o)
 .ARM.attributes
                0x000001ed       0x31 .\CortexM0\ARM_GCC_493\Debug\Design01.a(CyLib.o)
 .ARM.attributes
                0x0000021e       0x31 .\CortexM0\ARM_GCC_493\Debug\Design01.a(CyLFClk.o)
 .ARM.attributes
                0x0000024f       0x31 .\CortexM0\ARM_GCC_493\Debug\Design01.a(LCD_Char_1_BarGraph.o)
 .ARM.attributes
                0x00000280       0x31 .\CortexM0\ARM_GCC_493\Debug\Design01.a(LCD_Char_1.o)
 .ARM.attributes
                0x000002b1       0x31 .\CortexM0\ARM_GCC_493\Debug\Design01.a(PWM.o)
 .ARM.attributes
                0x000002e2       0x31 .\CortexM0\ARM_GCC_493\Debug\Design01.a(PWM_1.o)
 .ARM.attributes
                0x00000313       0x31 .\CortexM0\ARM_GCC_493\Debug\Design01.a(UART_SPI_UART.o)
 .ARM.attributes
                0x00000344       0x21 .\CortexM0\ARM_GCC_493\Debug\Design01.a(CyBootAsmGnu.o)
 .ARM.attributes
                0x00000365       0x1e d:/newprogram/psoc/psoc creator/3.3/psoc creator/import/gnu/arm/4.9.3/bin/../lib/gcc/arm-none-eabi/4.9.3/armv6-m\libgcc.a(_udivsi3.o)
 .ARM.attributes
                0x00000383       0x1e d:/newprogram/psoc/psoc creator/3.3/psoc creator/import/gnu/arm/4.9.3/bin/../lib/gcc/arm-none-eabi/4.9.3/armv6-m\libgcc.a(_divsi3.o)
 .ARM.attributes
                0x000003a1       0x1e d:/newprogram/psoc/psoc creator/3.3/psoc creator/import/gnu/arm/4.9.3/bin/../lib/gcc/arm-none-eabi/4.9.3/armv6-m\libgcc.a(_dvmd_tls.o)
 .ARM.attributes
                0x000003bf       0x1e d:/newprogram/psoc/psoc creator/3.3/psoc creator/import/gnu/arm/4.9.3/bin/../lib/gcc/arm-none-eabi/4.9.3/armv6-m\libgcc.a(_aeabi_ldivmod.o)
 .ARM.attributes
                0x000003dd       0x2c d:/newprogram/psoc/psoc creator/3.3/psoc creator/import/gnu/arm/4.9.3/bin/../lib/gcc/arm-none-eabi/4.9.3/armv6-m\libgcc.a(_muldi3.o)
 .ARM.attributes
                0x00000409       0x2c d:/newprogram/psoc/psoc creator/3.3/psoc creator/import/gnu/arm/4.9.3/bin/../lib/gcc/arm-none-eabi/4.9.3/armv6-m\libgcc.a(bpabi.o)
 .ARM.attributes
                0x00000435       0x2c d:/newprogram/psoc/psoc creator/3.3/psoc creator/import/gnu/arm/4.9.3/bin/../lib/gcc/arm-none-eabi/4.9.3/armv6-m\libgcc.a(divsf3.o)
 .ARM.attributes
                0x00000461       0x2c d:/newprogram/psoc/psoc creator/3.3/psoc creator/import/gnu/arm/4.9.3/bin/../lib/gcc/arm-none-eabi/4.9.3/armv6-m\libgcc.a(mulsf3.o)
 .ARM.attributes
                0x0000048d       0x2c d:/newprogram/psoc/psoc creator/3.3/psoc creator/import/gnu/arm/4.9.3/bin/../lib/gcc/arm-none-eabi/4.9.3/armv6-m\libgcc.a(floatsisf.o)
 .ARM.attributes
                0x000004b9       0x1e d:/newprogram/psoc/psoc creator/3.3/psoc creator/import/gnu/arm/4.9.3/bin/../lib/gcc/arm-none-eabi/4.9.3/armv6-m\libgcc.a(_clzsi2.o)
 .ARM.attributes
                0x000004d7       0x2c d:/newprogram/psoc/psoc creator/3.3/psoc creator/import/gnu/arm/4.9.3/bin/../lib/gcc/arm-none-eabi/4.9.3/armv6-m\libgcc.a(_divdi3.o)
 .ARM.attributes
                0x00000503       0x2c d:/newprogram/psoc/psoc creator/3.3/psoc creator/import/gnu/arm/4.9.3/bin/../lib/gcc/arm-none-eabi/4.9.3/armv6-m\libgcc.a(_udivdi3.o)
 .ARM.attributes
                0x0000052f       0x1e d:/newprogram/psoc/psoc creator/3.3/psoc creator/import/gnu/arm/4.9.3/bin/../lib/gcc/arm-none-eabi/4.9.3/armv6-m\libgcc.a(_clzdi2.o)
 .ARM.attributes
                0x0000054d       0x2c d:/newprogram/psoc/psoc creator/3.3/psoc creator/import/gnu/arm/4.9.3/bin/../lib/gcc/arm-none-eabi/4.9.3/../../../../arm-none-eabi/lib/armv6-m\libg_nano.a(lib_a-errno.o)
 .ARM.attributes
                0x00000579       0x2c d:/newprogram/psoc/psoc creator/3.3/psoc creator/import/gnu/arm/4.9.3/bin/../lib/gcc/arm-none-eabi/4.9.3/../../../../arm-none-eabi/lib/armv6-m\libg_nano.a(lib_a-exit.o)
 .ARM.attributes
                0x000005a5       0x2c d:/newprogram/psoc/psoc creator/3.3/psoc creator/import/gnu/arm/4.9.3/bin/../lib/gcc/arm-none-eabi/4.9.3/../../../../arm-none-eabi/lib/armv6-m\libg_nano.a(lib_a-impure.o)
 .ARM.attributes
                0x000005d1       0x2c d:/newprogram/psoc/psoc creator/3.3/psoc creator/import/gnu/arm/4.9.3/bin/../lib/gcc/arm-none-eabi/4.9.3/../../../../arm-none-eabi/lib/armv6-m\libg_nano.a(lib_a-init.o)
 .ARM.attributes
                0x000005fd       0x2c d:/newprogram/psoc/psoc creator/3.3/psoc creator/import/gnu/arm/4.9.3/bin/../lib/gcc/arm-none-eabi/4.9.3/../../../../arm-none-eabi/lib/armv6-m\libg_nano.a(lib_a-memcpy.o)
 .ARM.attributes
                0x00000629       0x2c d:/newprogram/psoc/psoc creator/3.3/psoc creator/import/gnu/arm/4.9.3/bin/../lib/gcc/arm-none-eabi/4.9.3/../../../../arm-none-eabi/lib/armv6-m\libg_nano.a(lib_a-memset.o)
 .ARM.attributes
                0x00000655       0x2c d:/newprogram/psoc/psoc creator/3.3/psoc creator/import/gnu/arm/4.9.3/bin/../lib/gcc/arm-none-eabi/4.9.3/../../../../arm-none-eabi/lib/armv6-m\libg_nano.a(lib_a-sprintf.o)
 .ARM.attributes
                0x00000681       0x2c d:/newprogram/psoc/psoc creator/3.3/psoc creator/import/gnu/arm/4.9.3/bin/../lib/gcc/arm-none-eabi/4.9.3/../../../../arm-none-eabi/lib/armv6-m\libg_nano.a(lib_a-nano-svfprintf.o)
 .ARM.attributes
                0x000006ad       0x2c d:/newprogram/psoc/psoc creator/3.3/psoc creator/import/gnu/arm/4.9.3/bin/../lib/gcc/arm-none-eabi/4.9.3/../../../../arm-none-eabi/lib/armv6-m\libg_nano.a(lib_a-nano-vfprintf_i.o)
 .ARM.attributes
                0x000006d9       0x2c d:/newprogram/psoc/psoc creator/3.3/psoc creator/import/gnu/arm/4.9.3/bin/../lib/gcc/arm-none-eabi/4.9.3/../../../../arm-none-eabi/lib/armv6-m\libg_nano.a(lib_a-memchr.o)
 .ARM.attributes
                0x00000705       0x2c d:/newprogram/psoc/psoc creator/3.3/psoc creator/import/gnu/arm/4.9.3/bin/../lib/gcc/arm-none-eabi/4.9.3/../../../../arm-none-eabi/lib/armv6-m\libg_nano.a(lib_a-memmove.o)
 .ARM.attributes
                0x00000731       0x2c d:/newprogram/psoc/psoc creator/3.3/psoc creator/import/gnu/arm/4.9.3/bin/../lib/gcc/arm-none-eabi/4.9.3/../../../../arm-none-eabi/lib/armv6-m\libg_nano.a(lib_a-nano-freer.o)
 .ARM.attributes
                0x0000075d       0x2c d:/newprogram/psoc/psoc creator/3.3/psoc creator/import/gnu/arm/4.9.3/bin/../lib/gcc/arm-none-eabi/4.9.3/../../../../arm-none-eabi/lib/armv6-m\libg_nano.a(lib_a-nano-mallocr.o)
 .ARM.attributes
                0x00000789       0x2c d:/newprogram/psoc/psoc creator/3.3/psoc creator/import/gnu/arm/4.9.3/bin/../lib/gcc/arm-none-eabi/4.9.3/../../../../arm-none-eabi/lib/armv6-m\libg_nano.a(lib_a-nano-reallocr.o)
 .ARM.attributes
                0x000007b5       0x2c d:/newprogram/psoc/psoc creator/3.3/psoc creator/import/gnu/arm/4.9.3/bin/../lib/gcc/arm-none-eabi/4.9.3/../../../../arm-none-eabi/lib/armv6-m\libg_nano.a(lib_a-sbrkr.o)
 .ARM.attributes
                0x000007e1       0x2c d:/newprogram/psoc/psoc creator/3.3/psoc creator/import/gnu/arm/4.9.3/bin/../lib/gcc/arm-none-eabi/4.9.3/../../../../arm-none-eabi/lib/armv6-m\libg_nano.a(lib_a-nano-msizer.o)
 .ARM.attributes
                0x0000080d       0x2c d:/newprogram/psoc/psoc creator/3.3/psoc creator/import/gnu/arm/4.9.3/bin/../lib/gcc/arm-none-eabi/4.9.3/../../../../arm-none-eabi/lib/armv6-m\libg_nano.a(lib_a-reent.o)
 .ARM.attributes
                0x00000839       0x2c d:/newprogram/psoc/psoc creator/3.3/psoc creator/import/gnu/arm/4.9.3/bin/../lib/gcc/arm-none-eabi/4.9.3/armv6-m/crtend.o
 .ARM.attributes
                0x00000865       0x1e d:/newprogram/psoc/psoc creator/3.3/psoc creator/import/gnu/arm/4.9.3/bin/../lib/gcc/arm-none-eabi/4.9.3/armv6-m/crtn.o

/DISCARD/
 *(.note.GNU-stack)
OUTPUT(.\CortexM0\ARM_GCC_493\Debug\Design01.elf elf32-littlearm)
